// Jest Snapshot v1, https://goo.gl/fbAQLP

exports[`Home renders correctly 1`] = `
<div>
  <div
    className="navbar"
  >
    <h1
      className="logo"
    >
      RN
    </h1>
    <input
      id="search-bar"
      onChange={[Function]}
      placeholder="search"
      type="text"
    />
    <p>
      About
    </p>
    <p>
      Pricing
    </p>
    <p>
      Contact
    </p>
  </div>
  <div
    className="container"
  >
    <h1>
      Real time prices of the top 25 cryptocurrencies
    </h1>
    <div
      id="stock-container"
    >
      <h3
        className="company-name"
      >
        Coin name
      </h3>
      <h1>
        companiesData
      </h1>
      <img
        alt="coin"
        className="coin-img"
        src="image"
      />
      <p>
        price :
      </p>
    </div>
  </div>
</div>
`;
